Should error: expecting Float but given Double, which are not compatible.