Should error: expecting Float but given Int32, which are not compatible.