Should error: consuming location 0 components 0, 1, 2, 3, but only provided location 0 component 0